Start of file.





a variable

String in between.

nested for some reason a variable nested for some reason

End of file.
